2025-08-31 00:11:38,034 INFO No files found for band: vv
2025-08-31 00:11:38,034 INFO No files found for band: vh
2025-08-31 00:50:38,856 INFO GDAL signalled an error: err_no=1, msg='TIFFFillTile:Read error at row 8192, col 14336, tile 1921; got 622783 bytes, expected 842864'
2025-08-31 00:50:38,856 INFO GDAL signalled an error: err_no=1, msg='TIFFReadEncodedTile() failed.'
2025-08-31 00:50:38,856 INFO GDAL signalled an error: err_no=1, msg='S1A_IW_GRDH_1SDV_20240612T002218_20240612T002242_054283_069A65_rtc_vv.tif, band 1: IReadBlock failed at X offset 17, Y offset 34: TIFFReadEncodedTile() failed.'
2025-08-31 00:50:38,859 ERROR Error merging bands: Read failed. See previous exception for details.
2025-08-31 01:00:33,111 INFO No files found for band: vv
2025-08-31 01:00:33,111 INFO No files found for band: vh
2025-08-31 03:38:11,083 INFO GDAL signalled an error: err_no=1, msg='TIFFFillTile:Read error at row 4294967295, col 4294967295, tile 0; got 0 bytes, expected 3102'
2025-08-31 03:38:11,084 INFO GDAL signalled an error: err_no=1, msg='TIFFReadEncodedTile() failed.'
2025-08-31 03:38:11,084 INFO GDAL signalled an error: err_no=1, msg='S1A_IW_GRDH_1SDV_20240916T002217_20240916T002242_055683_06CCBF_rtc_vh.tif, band 1: IReadBlock failed at X offset 0, Y offset 0: TIFFReadEncodedTile() failed.'
2025-08-31 03:38:11,084 ERROR Error merging bands: Read failed. See previous exception for details.
2025-08-31 03:49:54,302 ERROR Error merging bands: Rasters with negative pixel height ("upside down" rasters) cannot be merged.
2025-08-31 04:13:19,671 INFO Processing complete! Total time taken: 14501.672835826874 seconds
2025-09-26 10:05:24,134 INFO GDAL signalled an error: err_no=1, msg='TIFFFillTile:Read error at row 4294967295, col 4294967295, tile 0; got 0 bytes, expected 3102'
2025-09-26 10:05:24,134 INFO GDAL signalled an error: err_no=1, msg='TIFFReadEncodedTile() failed.'
2025-09-26 10:05:24,135 INFO GDAL signalled an error: err_no=1, msg='S1A_IW_GRDH_1SDV_20190510T002150_20190510T002215_027158_030FB5_rtc_vh.tif, band 1: IReadBlock failed at X offset 0, Y offset 0: TIFFReadEncodedTile() failed.'
2025-09-26 10:05:24,135 ERROR Error merging bands: Read failed. See previous exception for details.
2025-09-26 15:49:00,947 INFO GDAL signalled an error: err_no=1, msg='TIFFFillTile:Read error at row 3072, col 19456, tile 1071; got 269058 bytes, expected 849292'
2025-09-26 15:49:00,947 INFO GDAL signalled an error: err_no=1, msg='TIFFReadEncodedTile() failed.'
2025-09-26 15:49:00,948 INFO GDAL signalled an error: err_no=1, msg='S1A_IW_GRDH_1SDV_20190814T002131_20190814T002156_028558_033ACC_rtc_vv.tif, band 1: IReadBlock failed at X offset 7, Y offset 19: TIFFReadEncodedTile() failed.'
2025-09-26 15:49:00,950 ERROR Error merging bands: Read failed. See previous exception for details.
2025-09-27 02:27:12,619 INFO GDAL signalled an error: err_no=1, msg='TIFFFillTile:Read error at row 10752, col 10752, tile 358; got 212922 bytes, expected 848997'
2025-09-27 02:27:12,619 INFO GDAL signalled an error: err_no=1, msg='TIFFReadEncodedTile() failed.'
2025-09-27 02:27:12,619 INFO GDAL signalled an error: err_no=1, msg='S1A_IW_GRDH_1SDV_20200927T000518_20200927T000543_034537_04050D_rtc_vv.tif, band 1: IReadBlock failed at X offset 22, Y offset 6: TIFFReadEncodedTile() failed.'
2025-09-27 02:27:12,620 ERROR Error merging bands: Read failed. See previous exception for details.
2025-09-27 20:00:32,282 INFO No files found for band: vv
2025-09-27 20:00:32,282 INFO No files found for band: vh
2025-09-27 20:52:57,438 INFO No files found for band: vv
2025-09-27 20:52:57,438 INFO No files found for band: vh
2025-09-27 22:22:24,125 INFO No files found for band: vv
2025-09-27 22:22:24,125 INFO No files found for band: vh
2025-09-28 13:02:38,728 INFO No files found for band: vv
2025-09-28 13:02:38,728 INFO No files found for band: vh
2025-09-28 14:18:37,418 INFO No files found for band: vv
2025-09-28 14:18:37,418 INFO No files found for band: vh
2025-09-28 16:46:19,134 INFO GDAL signalled an error: err_no=1, msg='ZIPDecode:ZLib error: '
2025-09-28 16:46:19,134 INFO GDAL signalled an error: err_no=1, msg='TIFFReadEncodedTile() failed.'
2025-09-28 16:46:19,134 INFO GDAL signalled an error: err_no=1, msg='S1A_IW_GRDH_1SDV_20240825T000620_20240825T000645_055362_06C06A_rtc_vv.tif, band 1: IReadBlock failed at X offset 17, Y offset 38: TIFFReadEncodedTile() failed.'
2025-09-28 16:46:19,138 ERROR Error merging bands: Read failed. See previous exception for details.
2025-09-28 17:43:48,079 INFO GDAL signalled an error: err_no=1, msg='TIFFFillTile:Read error at row 4294967295, col 4294967295, tile 0; got 0 bytes, expected 3102'
2025-09-28 17:43:48,079 INFO GDAL signalled an error: err_no=1, msg='TIFFReadEncodedTile() failed.'
2025-09-28 17:43:48,079 INFO GDAL signalled an error: err_no=1, msg='S1A_IW_GRDH_1SDV_20240916T002217_20240916T002242_055683_06CCBF_rtc_vh.tif, band 1: IReadBlock failed at X offset 0, Y offset 0: TIFFReadEncodedTile() failed.'
2025-09-28 17:43:48,080 ERROR Error merging bands: Read failed. See previous exception for details.
2025-09-28 17:53:46,555 ERROR Error merging bands: Rasters with negative pixel height ("upside down" rasters) cannot be merged.
2025-09-28 18:14:08,187 INFO No files found for band: vv
2025-09-28 18:14:08,187 INFO No files found for band: vh
2025-09-28 18:14:08,189 INFO No files found for band: vv
2025-09-28 18:14:08,189 INFO No files found for band: vh
2025-09-28 18:14:08,190 INFO No files found for band: vv
2025-09-28 18:14:08,190 INFO No files found for band: vh
2025-09-28 18:14:08,191 INFO No files found for band: vv
2025-09-28 18:14:08,192 INFO No files found for band: vh
2025-09-28 18:14:08,192 INFO Processing complete! Total time taken: 207068.15586733818 seconds
