2025-08-28 15:32:53,922 INFO No Sentinel-1 images found for the date range: 2024-05-05 to 2024-05-11
2025-08-28 15:52:39,385 INFO Downloaded Sentinel-1 images for the date range: 2024-05-12 to 2024-05-18
2025-08-28 16:28:09,588 INFO Downloaded Sentinel-1 images for the date range: 2024-05-19 to 2024-05-25
2025-08-28 16:49:14,626 INFO Downloaded Sentinel-1 images for the date range: 2024-05-26 to 2024-06-01
2025-08-28 17:04:16,985 INFO Downloaded Sentinel-1 images for the date range: 2024-06-02 to 2024-06-08
2025-08-28 18:15:55,316 INFO Downloaded Sentinel-1 images for the date range: 2024-06-09 to 2024-06-15
2025-08-28 18:35:03,049 INFO Downloaded Sentinel-1 images for the date range: 2024-06-16 to 2024-06-22
2025-08-28 18:35:03,846 INFO No Sentinel-1 images found for the date range: 2024-06-23 to 2024-06-29
2025-08-28 19:18:03,626 INFO Downloaded Sentinel-1 images for the date range: 2024-06-30 to 2024-07-06
2025-08-28 19:32:44,178 INFO Downloaded Sentinel-1 images for the date range: 2024-07-07 to 2024-07-13
2025-08-28 20:00:04,240 INFO Downloaded Sentinel-1 images for the date range: 2024-07-14 to 2024-07-20
2025-08-28 20:33:03,670 INFO Downloaded Sentinel-1 images for the date range: 2024-07-21 to 2024-07-27
2025-08-28 20:42:35,249 INFO Downloaded Sentinel-1 images for the date range: 2024-07-28 to 2024-08-03
2025-08-28 21:18:04,856 INFO Downloaded Sentinel-1 images for the date range: 2024-08-04 to 2024-08-10
2025-08-28 21:55:04,165 INFO Downloaded Sentinel-1 images for the date range: 2024-08-11 to 2024-08-17
2025-08-28 22:38:29,907 INFO Downloaded Sentinel-1 images for the date range: 2024-08-18 to 2024-08-24
2025-08-28 23:16:45,649 INFO Downloaded Sentinel-1 images for the date range: 2024-08-25 to 2024-08-31
2025-08-28 23:46:05,422 INFO Downloaded Sentinel-1 images for the date range: 2024-09-01 to 2024-09-07
2025-08-29 00:28:17,350 INFO Downloaded Sentinel-1 images for the date range: 2024-09-08 to 2024-09-14
2025-08-29 20:46:53,962 INFO No Sentinel-1 images found for the date range: 2024-05-05 to 2024-05-11
2025-08-29 20:46:55,355 INFO File already exists, skipping: ./IA_sentinel1/2024-05-12/S1A_IW_GRDH_1SDV_20240515T235748_20240515T235821_053889_068CB9_rtc_vh.tif
2025-08-29 20:46:55,355 INFO File already exists, skipping: ./IA_sentinel1/2024-05-12/S1A_IW_GRDH_1SDV_20240515T235748_20240515T235821_053889_068CB9_rtc_vv.tif
2025-08-29 20:46:55,355 INFO File already exists, skipping: ./IA_sentinel1/2024-05-12/S1A_IW_GRDH_1SDV_20240515T235723_20240515T235748_053889_068CB9_rtc_vh.tif
2025-08-29 20:46:55,355 INFO File already exists, skipping: ./IA_sentinel1/2024-05-12/S1A_IW_GRDH_1SDV_20240515T235723_20240515T235748_053889_068CB9_rtc_vv.tif
2025-08-29 20:46:55,356 INFO File already exists, skipping: ./IA_sentinel1/2024-05-12/S1A_IW_GRDH_1SDV_20240515T235658_20240515T235723_053889_068CB9_rtc_vh.tif
2025-08-29 20:46:55,356 INFO File already exists, skipping: ./IA_sentinel1/2024-05-12/S1A_IW_GRDH_1SDV_20240515T235658_20240515T235723_053889_068CB9_rtc_vv.tif
2025-08-29 20:46:55,356 INFO Downloaded Sentinel-1 images for the date range: 2024-05-12 to 2024-05-18
2025-08-29 20:46:56,499 INFO File already exists, skipping: ./IA_sentinel1/2024-05-19/S1A_IW_GRDH_1SDV_20240521T000622_20240521T000647_053962_068F45_rtc_vh.tif
2025-08-29 20:46:56,499 INFO File already exists, skipping: ./IA_sentinel1/2024-05-19/S1A_IW_GRDH_1SDV_20240521T000622_20240521T000647_053962_068F45_rtc_vv.tif
2025-08-29 20:46:56,499 INFO File already exists, skipping: ./IA_sentinel1/2024-05-19/S1A_IW_GRDH_1SDV_20240521T000557_20240521T000622_053962_068F45_rtc_vh.tif
2025-08-29 20:46:56,499 INFO File already exists, skipping: ./IA_sentinel1/2024-05-19/S1A_IW_GRDH_1SDV_20240521T000557_20240521T000622_053962_068F45_rtc_vv.tif
2025-08-29 20:46:56,499 INFO File already exists, skipping: ./IA_sentinel1/2024-05-19/S1A_IW_GRDH_1SDV_20240521T000532_20240521T000557_053962_068F45_rtc_vh.tif
2025-08-29 20:46:56,499 INFO File already exists, skipping: ./IA_sentinel1/2024-05-19/S1A_IW_GRDH_1SDV_20240521T000532_20240521T000557_053962_068F45_rtc_vv.tif
2025-08-29 20:46:56,500 INFO File already exists, skipping: ./IA_sentinel1/2024-05-19/S1A_IW_GRDH_1SDV_20240521T000507_20240521T000532_053962_068F45_rtc_vh.tif
2025-08-29 20:46:56,500 INFO File already exists, skipping: ./IA_sentinel1/2024-05-19/S1A_IW_GRDH_1SDV_20240521T000507_20240521T000532_053962_068F45_rtc_vv.tif
2025-08-29 20:46:56,500 INFO File already exists, skipping: ./IA_sentinel1/2024-05-19/S1A_IW_GRDH_1SDV_20240519T002219_20240519T002243_053933_068E46_rtc_vh.tif
2025-08-29 20:46:56,500 INFO File already exists, skipping: ./IA_sentinel1/2024-05-19/S1A_IW_GRDH_1SDV_20240519T002219_20240519T002243_053933_068E46_rtc_vv.tif
2025-08-29 20:46:56,500 INFO File already exists, skipping: ./IA_sentinel1/2024-05-19/S1A_IW_GRDH_1SDV_20240519T002154_20240519T002219_053933_068E46_rtc_vh.tif
2025-08-29 20:46:56,500 INFO File already exists, skipping: ./IA_sentinel1/2024-05-19/S1A_IW_GRDH_1SDV_20240519T002154_20240519T002219_053933_068E46_rtc_vv.tif
2025-08-29 20:46:56,500 INFO Downloaded Sentinel-1 images for the date range: 2024-05-19 to 2024-05-25
2025-08-29 20:46:57,309 INFO File already exists, skipping: ./IA_sentinel1/2024-05-26/S1A_IW_GRDH_1SDV_20240531T002218_20240531T002243_054108_069459_rtc_vh.tif
2025-08-29 20:46:57,309 INFO File already exists, skipping: ./IA_sentinel1/2024-05-26/S1A_IW_GRDH_1SDV_20240531T002218_20240531T002243_054108_069459_rtc_vv.tif
2025-08-29 20:46:57,310 INFO File already exists, skipping: ./IA_sentinel1/2024-05-26/S1A_IW_GRDH_1SDV_20240527T235748_20240527T235821_054064_0692D1_rtc_vh.tif
2025-08-29 20:46:57,310 INFO File already exists, skipping: ./IA_sentinel1/2024-05-26/S1A_IW_GRDH_1SDV_20240527T235748_20240527T235821_054064_0692D1_rtc_vv.tif
2025-08-29 20:46:57,310 INFO File already exists, skipping: ./IA_sentinel1/2024-05-26/S1A_IW_GRDH_1SDV_20240527T235723_20240527T235748_054064_0692D1_rtc_vh.tif
2025-08-29 20:46:57,310 INFO File already exists, skipping: ./IA_sentinel1/2024-05-26/S1A_IW_GRDH_1SDV_20240527T235723_20240527T235748_054064_0692D1_rtc_vv.tif
2025-08-29 20:46:57,310 INFO File already exists, skipping: ./IA_sentinel1/2024-05-26/S1A_IW_GRDH_1SDV_20240527T235658_20240527T235723_054064_0692D1_rtc_vh.tif
2025-08-29 20:46:57,310 INFO File already exists, skipping: ./IA_sentinel1/2024-05-26/S1A_IW_GRDH_1SDV_20240527T235658_20240527T235723_054064_0692D1_rtc_vv.tif
2025-08-29 20:46:57,310 INFO Downloaded Sentinel-1 images for the date range: 2024-05-26 to 2024-06-01
2025-08-29 20:46:58,150 INFO File already exists, skipping: ./IA_sentinel1/2024-06-02/S1A_IW_GRDH_1SDV_20240608T235748_20240608T235820_054239_0698DF_rtc_vh.tif
2025-08-29 20:46:58,150 INFO File already exists, skipping: ./IA_sentinel1/2024-06-02/S1A_IW_GRDH_1SDV_20240608T235748_20240608T235820_054239_0698DF_rtc_vv.tif
2025-08-29 20:46:58,150 INFO File already exists, skipping: ./IA_sentinel1/2024-06-02/S1A_IW_GRDH_1SDV_20240608T235723_20240608T235748_054239_0698DF_rtc_vh.tif
2025-08-29 20:46:58,150 INFO File already exists, skipping: ./IA_sentinel1/2024-06-02/S1A_IW_GRDH_1SDV_20240608T235723_20240608T235748_054239_0698DF_rtc_vv.tif
2025-08-29 20:46:58,151 INFO File already exists, skipping: ./IA_sentinel1/2024-06-02/S1A_IW_GRDH_1SDV_20240608T235658_20240608T235723_054239_0698DF_rtc_vh.tif
2025-08-29 20:49:37,643 INFO Downloaded Sentinel-1 images for the date range: 2024-06-02 to 2024-06-08
2025-08-29 20:49:38,460 INFO File already exists, skipping: ./IA_sentinel1/2024-06-09/S1A_IW_GRDH_1SDV_20240612T002218_20240612T002242_054283_069A65_rtc_vh.tif
2025-08-29 20:49:38,460 INFO File already exists, skipping: ./IA_sentinel1/2024-06-09/S1A_IW_GRDH_1SDV_20240612T002218_20240612T002242_054283_069A65_rtc_vv.tif
2025-08-29 20:49:38,461 INFO File already exists, skipping: ./IA_sentinel1/2024-06-09/S1A_IW_GRDH_1SDV_20240612T002153_20240612T002218_054283_069A65_rtc_vh.tif
2025-08-29 20:49:38,461 INFO File already exists, skipping: ./IA_sentinel1/2024-06-09/S1A_IW_GRDH_1SDV_20240612T002153_20240612T002218_054283_069A65_rtc_vv.tif
2025-08-29 20:49:38,461 INFO Downloaded Sentinel-1 images for the date range: 2024-06-09 to 2024-06-15
2025-08-29 20:49:39,248 INFO File already exists, skipping: ./IA_sentinel1/2024-06-16/S1A_IW_GRDH_1SDV_20240620T235747_20240620T235820_054414_069EEB_rtc_vh.tif
2025-08-29 20:49:39,248 INFO File already exists, skipping: ./IA_sentinel1/2024-06-16/S1A_IW_GRDH_1SDV_20240620T235747_20240620T235820_054414_069EEB_rtc_vv.tif
2025-08-29 20:49:39,248 INFO File already exists, skipping: ./IA_sentinel1/2024-06-16/S1A_IW_GRDH_1SDV_20240620T235722_20240620T235747_054414_069EEB_rtc_vh.tif
2025-08-29 20:49:39,249 INFO File already exists, skipping: ./IA_sentinel1/2024-06-16/S1A_IW_GRDH_1SDV_20240620T235722_20240620T235747_054414_069EEB_rtc_vv.tif
2025-08-29 20:49:39,249 INFO File already exists, skipping: ./IA_sentinel1/2024-06-16/S1A_IW_GRDH_1SDV_20240620T235657_20240620T235722_054414_069EEB_rtc_vh.tif
2025-08-29 20:49:39,249 INFO File already exists, skipping: ./IA_sentinel1/2024-06-16/S1A_IW_GRDH_1SDV_20240620T235657_20240620T235722_054414_069EEB_rtc_vv.tif
2025-08-29 20:49:39,249 INFO Downloaded Sentinel-1 images for the date range: 2024-06-16 to 2024-06-22
2025-08-29 20:49:40,048 INFO No Sentinel-1 images found for the date range: 2024-06-23 to 2024-06-29
2025-08-29 20:49:40,894 INFO File already exists, skipping: ./IA_sentinel1/2024-06-30/S1A_IW_GRDH_1SDV_20240706T002217_20240706T002242_054633_06A68D_rtc_vh.tif
2025-08-29 20:49:40,894 INFO File already exists, skipping: ./IA_sentinel1/2024-06-30/S1A_IW_GRDH_1SDV_20240706T002217_20240706T002242_054633_06A68D_rtc_vv.tif
2025-08-29 20:49:40,894 INFO File already exists, skipping: ./IA_sentinel1/2024-06-30/S1A_IW_GRDH_1SDV_20240706T002152_20240706T002217_054633_06A68D_rtc_vh.tif
2025-08-29 20:53:13,808 INFO File already exists, skipping: ./IA_sentinel1/2024-06-30/S1A_IW_GRDH_1SDV_20240702T235746_20240702T235819_054589_06A502_rtc_vh.tif
2025-08-29 20:53:13,808 INFO File already exists, skipping: ./IA_sentinel1/2024-06-30/S1A_IW_GRDH_1SDV_20240702T235746_20240702T235819_054589_06A502_rtc_vv.tif
2025-08-29 20:53:13,808 INFO File already exists, skipping: ./IA_sentinel1/2024-06-30/S1A_IW_GRDH_1SDV_20240702T235721_20240702T235746_054589_06A502_rtc_vh.tif
2025-08-29 20:53:13,809 INFO File already exists, skipping: ./IA_sentinel1/2024-06-30/S1A_IW_GRDH_1SDV_20240702T235721_20240702T235746_054589_06A502_rtc_vv.tif
2025-08-29 20:53:13,809 INFO File already exists, skipping: ./IA_sentinel1/2024-06-30/S1A_IW_GRDH_1SDV_20240702T235656_20240702T235721_054589_06A502_rtc_vh.tif
2025-08-29 20:53:13,809 INFO File already exists, skipping: ./IA_sentinel1/2024-06-30/S1A_IW_GRDH_1SDV_20240702T235656_20240702T235721_054589_06A502_rtc_vv.tif
2025-08-29 20:53:13,809 INFO File already exists, skipping: ./IA_sentinel1/2024-06-30/S1A_IW_GRDH_1SDV_20240701T001422_20240701T001447_054560_06A400_rtc_vh.tif
2025-08-29 20:53:13,809 INFO File already exists, skipping: ./IA_sentinel1/2024-06-30/S1A_IW_GRDH_1SDV_20240701T001422_20240701T001447_054560_06A400_rtc_vv.tif
2025-08-29 20:53:13,809 INFO File already exists, skipping: ./IA_sentinel1/2024-06-30/S1A_IW_GRDH_1SDV_20240701T001357_20240701T001422_054560_06A400_rtc_vh.tif
2025-08-29 20:53:13,809 INFO File already exists, skipping: ./IA_sentinel1/2024-06-30/S1A_IW_GRDH_1SDV_20240701T001357_20240701T001422_054560_06A400_rtc_vv.tif
2025-08-29 20:53:13,810 INFO File already exists, skipping: ./IA_sentinel1/2024-06-30/S1A_IW_GRDH_1SDV_20240701T001332_20240701T001357_054560_06A400_rtc_vh.tif
2025-08-29 20:53:13,810 INFO File already exists, skipping: ./IA_sentinel1/2024-06-30/S1A_IW_GRDH_1SDV_20240701T001332_20240701T001357_054560_06A400_rtc_vv.tif
2025-08-29 20:53:13,810 INFO Downloaded Sentinel-1 images for the date range: 2024-06-30 to 2024-07-06
2025-08-29 20:53:14,655 INFO File already exists, skipping: ./IA_sentinel1/2024-07-07/S1A_IW_GRDH_1SDV_20240713T001421_20240713T001446_054735_06AA11_rtc_vh.tif
2025-08-29 20:53:14,655 INFO File already exists, skipping: ./IA_sentinel1/2024-07-07/S1A_IW_GRDH_1SDV_20240713T001421_20240713T001446_054735_06AA11_rtc_vv.tif
2025-08-29 20:53:14,655 INFO File already exists, skipping: ./IA_sentinel1/2024-07-07/S1A_IW_GRDH_1SDV_20240713T001356_20240713T001421_054735_06AA11_rtc_vh.tif
2025-08-29 20:53:14,655 INFO File already exists, skipping: ./IA_sentinel1/2024-07-07/S1A_IW_GRDH_1SDV_20240713T001356_20240713T001421_054735_06AA11_rtc_vv.tif
2025-08-29 20:53:14,656 INFO File already exists, skipping: ./IA_sentinel1/2024-07-07/S1A_IW_GRDH_1SDV_20240713T001331_20240713T001356_054735_06AA11_rtc_vh.tif
2025-08-29 20:53:14,656 INFO File already exists, skipping: ./IA_sentinel1/2024-07-07/S1A_IW_GRDH_1SDV_20240713T001331_20240713T001356_054735_06AA11_rtc_vv.tif
2025-08-29 20:53:14,656 INFO Downloaded Sentinel-1 images for the date range: 2024-07-07 to 2024-07-13
2025-08-29 20:53:15,475 INFO File already exists, skipping: ./IA_sentinel1/2024-07-14/S1A_IW_GRDH_1SDV_20240718T002216_20240718T002241_054808_06AC9B_rtc_vh.tif
2025-08-29 20:53:15,475 INFO File already exists, skipping: ./IA_sentinel1/2024-07-14/S1A_IW_GRDH_1SDV_20240718T002216_20240718T002241_054808_06AC9B_rtc_vv.tif
2025-08-29 20:53:15,475 INFO File already exists, skipping: ./IA_sentinel1/2024-07-14/S1A_IW_GRDH_1SDV_20240718T002151_20240718T002216_054808_06AC9B_rtc_vh.tif
2025-08-29 20:56:01,500 INFO File already exists, skipping: ./IA_sentinel1/2024-07-14/S1A_IW_GRDH_1SDV_20240714T235746_20240714T235819_054764_06AB0F_rtc_vh.tif
2025-08-29 20:56:01,501 INFO File already exists, skipping: ./IA_sentinel1/2024-07-14/S1A_IW_GRDH_1SDV_20240714T235746_20240714T235819_054764_06AB0F_rtc_vv.tif
2025-08-29 20:56:01,501 INFO File already exists, skipping: ./IA_sentinel1/2024-07-14/S1A_IW_GRDH_1SDV_20240714T235721_20240714T235746_054764_06AB0F_rtc_vh.tif
2025-08-29 20:56:01,501 INFO File already exists, skipping: ./IA_sentinel1/2024-07-14/S1A_IW_GRDH_1SDV_20240714T235721_20240714T235746_054764_06AB0F_rtc_vv.tif
2025-08-29 20:56:01,501 INFO File already exists, skipping: ./IA_sentinel1/2024-07-14/S1A_IW_GRDH_1SDV_20240714T235656_20240714T235721_054764_06AB0F_rtc_vh.tif
2025-08-29 20:56:01,501 INFO File already exists, skipping: ./IA_sentinel1/2024-07-14/S1A_IW_GRDH_1SDV_20240714T235656_20240714T235721_054764_06AB0F_rtc_vv.tif
2025-08-29 20:56:01,501 INFO Downloaded Sentinel-1 images for the date range: 2024-07-14 to 2024-07-20
2025-08-29 20:56:02,667 INFO File already exists, skipping: ./IA_sentinel1/2024-07-21/S1A_IW_GRDH_1SDV_20240726T235746_20240726T235818_054939_06B126_rtc_vh.tif
2025-08-29 20:56:02,667 INFO File already exists, skipping: ./IA_sentinel1/2024-07-21/S1A_IW_GRDH_1SDV_20240726T235746_20240726T235818_054939_06B126_rtc_vv.tif
2025-08-29 20:56:02,667 INFO File already exists, skipping: ./IA_sentinel1/2024-07-21/S1A_IW_GRDH_1SDV_20240726T235721_20240726T235746_054939_06B126_rtc_vh.tif
2025-08-29 20:56:02,667 INFO File already exists, skipping: ./IA_sentinel1/2024-07-21/S1A_IW_GRDH_1SDV_20240726T235721_20240726T235746_054939_06B126_rtc_vv.tif
2025-08-29 20:56:02,667 INFO File already exists, skipping: ./IA_sentinel1/2024-07-21/S1A_IW_GRDH_1SDV_20240726T235656_20240726T235721_054939_06B126_rtc_vh.tif
2025-08-29 20:56:02,667 INFO File already exists, skipping: ./IA_sentinel1/2024-07-21/S1A_IW_GRDH_1SDV_20240726T235656_20240726T235721_054939_06B126_rtc_vv.tif
2025-08-29 20:56:02,668 INFO File already exists, skipping: ./IA_sentinel1/2024-07-21/S1A_IW_GRDH_1SDV_20240725T001421_20240725T001446_054910_06B02B_rtc_vh.tif
2025-08-29 20:56:02,668 INFO File already exists, skipping: ./IA_sentinel1/2024-07-21/S1A_IW_GRDH_1SDV_20240725T001421_20240725T001446_054910_06B02B_rtc_vv.tif
2025-08-29 20:56:02,668 INFO File already exists, skipping: ./IA_sentinel1/2024-07-21/S1A_IW_GRDH_1SDV_20240725T001356_20240725T001421_054910_06B02B_rtc_vh.tif
2025-08-29 20:59:07,062 INFO File already exists, skipping: ./IA_sentinel1/2024-07-21/S1A_IW_GRDH_1SDV_20240725T001331_20240725T001356_054910_06B02B_rtc_vh.tif
2025-08-29 20:59:07,062 INFO File already exists, skipping: ./IA_sentinel1/2024-07-21/S1A_IW_GRDH_1SDV_20240725T001331_20240725T001356_054910_06B02B_rtc_vv.tif
2025-08-29 20:59:07,062 INFO Downloaded Sentinel-1 images for the date range: 2024-07-21 to 2024-07-27
2025-08-29 20:59:08,023 INFO File already exists, skipping: ./IA_sentinel1/2024-07-28/S1A_IW_GRDH_1SDV_20240730T002216_20240730T002241_054983_06B2B8_rtc_vh.tif
2025-08-29 20:59:08,023 INFO File already exists, skipping: ./IA_sentinel1/2024-07-28/S1A_IW_GRDH_1SDV_20240730T002216_20240730T002241_054983_06B2B8_rtc_vv.tif
2025-08-29 20:59:08,023 INFO File already exists, skipping: ./IA_sentinel1/2024-07-28/S1A_IW_GRDH_1SDV_20240730T002151_20240730T002216_054983_06B2B8_rtc_vh.tif
2025-08-29 20:59:08,023 INFO File already exists, skipping: ./IA_sentinel1/2024-07-28/S1A_IW_GRDH_1SDV_20240730T002151_20240730T002216_054983_06B2B8_rtc_vv.tif
2025-08-29 20:59:08,023 INFO Downloaded Sentinel-1 images for the date range: 2024-07-28 to 2024-08-03
2025-08-29 20:59:09,032 INFO File already exists, skipping: ./IA_sentinel1/2024-08-04/S1A_IW_GRDH_1SDV_20240807T235811_20240807T235836_055114_06B73B_rtc_vh.tif
2025-08-29 20:59:09,033 INFO File already exists, skipping: ./IA_sentinel1/2024-08-04/S1A_IW_GRDH_1SDV_20240807T235811_20240807T235836_055114_06B73B_rtc_vv.tif
2025-08-29 20:59:09,033 INFO File already exists, skipping: ./IA_sentinel1/2024-08-04/S1A_IW_GRDH_1SDV_20240807T235746_20240807T235811_055114_06B73B_rtc_vh.tif
2025-08-29 20:59:09,033 INFO File already exists, skipping: ./IA_sentinel1/2024-08-04/S1A_IW_GRDH_1SDV_20240807T235746_20240807T235811_055114_06B73B_rtc_vv.tif
2025-08-29 20:59:09,033 INFO File already exists, skipping: ./IA_sentinel1/2024-08-04/S1A_IW_GRDH_1SDV_20240807T235721_20240807T235746_055114_06B73B_rtc_vh.tif
2025-08-29 20:59:09,033 INFO File already exists, skipping: ./IA_sentinel1/2024-08-04/S1A_IW_GRDH_1SDV_20240807T235721_20240807T235746_055114_06B73B_rtc_vv.tif
2025-08-29 20:59:09,033 INFO File already exists, skipping: ./IA_sentinel1/2024-08-04/S1A_IW_GRDH_1SDV_20240807T235656_20240807T235721_055114_06B73B_rtc_vh.tif
2025-08-29 20:59:09,033 INFO File already exists, skipping: ./IA_sentinel1/2024-08-04/S1A_IW_GRDH_1SDV_20240807T235656_20240807T235721_055114_06B73B_rtc_vv.tif
2025-08-29 20:59:09,034 INFO File already exists, skipping: ./IA_sentinel1/2024-08-04/S1A_IW_GRDH_1SDV_20240806T001421_20240806T001446_055085_06B631_rtc_vh.tif
2025-08-29 20:59:09,034 INFO File already exists, skipping: ./IA_sentinel1/2024-08-04/S1A_IW_GRDH_1SDV_20240806T001421_20240806T001446_055085_06B631_rtc_vv.tif
2025-08-29 20:59:09,034 INFO File already exists, skipping: ./IA_sentinel1/2024-08-04/S1A_IW_GRDH_1SDV_20240806T001356_20240806T001421_055085_06B631_rtc_vh.tif
2025-08-29 20:59:09,034 INFO File already exists, skipping: ./IA_sentinel1/2024-08-04/S1A_IW_GRDH_1SDV_20240806T001356_20240806T001421_055085_06B631_rtc_vv.tif
2025-08-29 20:59:09,034 INFO File already exists, skipping: ./IA_sentinel1/2024-08-04/S1A_IW_GRDH_1SDV_20240806T001331_20240806T001356_055085_06B631_rtc_vh.tif
2025-08-29 20:59:09,034 INFO File already exists, skipping: ./IA_sentinel1/2024-08-04/S1A_IW_GRDH_1SDV_20240806T001331_20240806T001356_055085_06B631_rtc_vv.tif
2025-08-29 20:59:09,034 INFO Downloaded Sentinel-1 images for the date range: 2024-08-04 to 2024-08-10
2025-08-29 20:59:09,872 INFO File already exists, skipping: ./IA_sentinel1/2024-08-11/S1A_IW_GRDH_1SDV_20240813T000619_20240813T000644_055187_06B9EC_rtc_vh.tif
2025-08-29 20:59:09,872 INFO File already exists, skipping: ./IA_sentinel1/2024-08-11/S1A_IW_GRDH_1SDV_20240813T000619_20240813T000644_055187_06B9EC_rtc_vv.tif
2025-08-29 20:59:09,872 INFO File already exists, skipping: ./IA_sentinel1/2024-08-11/S1A_IW_GRDH_1SDV_20240813T000554_20240813T000619_055187_06B9EC_rtc_vh.tif
2025-08-29 20:59:09,873 INFO File already exists, skipping: ./IA_sentinel1/2024-08-11/S1A_IW_GRDH_1SDV_20240813T000554_20240813T000619_055187_06B9EC_rtc_vv.tif
2025-08-29 20:59:09,873 INFO File already exists, skipping: ./IA_sentinel1/2024-08-11/S1A_IW_GRDH_1SDV_20240813T000529_20240813T000554_055187_06B9EC_rtc_vh.tif
2025-08-29 20:59:09,873 INFO File already exists, skipping: ./IA_sentinel1/2024-08-11/S1A_IW_GRDH_1SDV_20240813T000529_20240813T000554_055187_06B9EC_rtc_vv.tif
2025-08-29 20:59:09,873 INFO File already exists, skipping: ./IA_sentinel1/2024-08-11/S1A_IW_GRDH_1SDV_20240813T000504_20240813T000529_055187_06B9EC_rtc_vh.tif
2025-08-29 20:59:09,873 INFO File already exists, skipping: ./IA_sentinel1/2024-08-11/S1A_IW_GRDH_1SDV_20240813T000504_20240813T000529_055187_06B9EC_rtc_vv.tif
2025-08-29 20:59:09,873 INFO File already exists, skipping: ./IA_sentinel1/2024-08-11/S1A_IW_GRDH_1SDV_20240811T002216_20240811T002241_055158_06B8DB_rtc_vh.tif
2025-08-29 20:59:09,873 INFO File already exists, skipping: ./IA_sentinel1/2024-08-11/S1A_IW_GRDH_1SDV_20240811T002216_20240811T002241_055158_06B8DB_rtc_vv.tif
2025-08-29 20:59:09,874 INFO File already exists, skipping: ./IA_sentinel1/2024-08-11/S1A_IW_GRDH_1SDV_20240811T002151_20240811T002216_055158_06B8DB_rtc_vh.tif
2025-08-29 20:59:09,874 INFO File already exists, skipping: ./IA_sentinel1/2024-08-11/S1A_IW_GRDH_1SDV_20240811T002151_20240811T002216_055158_06B8DB_rtc_vv.tif
2025-08-29 20:59:09,874 INFO Downloaded Sentinel-1 images for the date range: 2024-08-11 to 2024-08-17
2025-08-29 20:59:10,700 INFO File already exists, skipping: ./IA_sentinel1/2024-08-18/S1A_IW_GRDH_1SDV_20240819T235811_20240819T235836_055289_06BD9A_rtc_vh.tif
2025-08-29 20:59:10,700 INFO File already exists, skipping: ./IA_sentinel1/2024-08-18/S1A_IW_GRDH_1SDV_20240819T235811_20240819T235836_055289_06BD9A_rtc_vv.tif
2025-08-29 20:59:10,700 INFO File already exists, skipping: ./IA_sentinel1/2024-08-18/S1A_IW_GRDH_1SDV_20240819T235746_20240819T235811_055289_06BD9A_rtc_vh.tif
2025-08-29 20:59:10,700 INFO File already exists, skipping: ./IA_sentinel1/2024-08-18/S1A_IW_GRDH_1SDV_20240819T235746_20240819T235811_055289_06BD9A_rtc_vv.tif
2025-08-29 20:59:10,700 INFO File already exists, skipping: ./IA_sentinel1/2024-08-18/S1A_IW_GRDH_1SDV_20240819T235721_20240819T235746_055289_06BD9A_rtc_vh.tif
2025-08-29 20:59:10,700 INFO File already exists, skipping: ./IA_sentinel1/2024-08-18/S1A_IW_GRDH_1SDV_20240819T235721_20240819T235746_055289_06BD9A_rtc_vv.tif
2025-08-29 20:59:10,700 INFO File already exists, skipping: ./IA_sentinel1/2024-08-18/S1A_IW_GRDH_1SDV_20240819T235656_20240819T235721_055289_06BD9A_rtc_vh.tif
2025-08-29 20:59:10,701 INFO File already exists, skipping: ./IA_sentinel1/2024-08-18/S1A_IW_GRDH_1SDV_20240819T235656_20240819T235721_055289_06BD9A_rtc_vv.tif
2025-08-29 20:59:10,701 INFO File already exists, skipping: ./IA_sentinel1/2024-08-18/S1A_IW_GRDH_1SDV_20240818T001421_20240818T001446_055260_06BC91_rtc_vh.tif
2025-08-29 20:59:10,701 INFO File already exists, skipping: ./IA_sentinel1/2024-08-18/S1A_IW_GRDH_1SDV_20240818T001421_20240818T001446_055260_06BC91_rtc_vv.tif
2025-08-29 20:59:10,701 INFO File already exists, skipping: ./IA_sentinel1/2024-08-18/S1A_IW_GRDH_1SDV_20240818T001356_20240818T001421_055260_06BC91_rtc_vh.tif
2025-08-29 20:59:10,701 INFO File already exists, skipping: ./IA_sentinel1/2024-08-18/S1A_IW_GRDH_1SDV_20240818T001356_20240818T001421_055260_06BC91_rtc_vv.tif
2025-08-29 20:59:10,701 INFO File already exists, skipping: ./IA_sentinel1/2024-08-18/S1A_IW_GRDH_1SDV_20240818T001331_20240818T001356_055260_06BC91_rtc_vh.tif
2025-08-29 20:59:10,701 INFO File already exists, skipping: ./IA_sentinel1/2024-08-18/S1A_IW_GRDH_1SDV_20240818T001331_20240818T001356_055260_06BC91_rtc_vv.tif
2025-08-29 20:59:10,701 INFO Downloaded Sentinel-1 images for the date range: 2024-08-18 to 2024-08-24
2025-08-29 20:59:11,505 INFO File already exists, skipping: ./IA_sentinel1/2024-08-25/S1A_IW_GRDH_1SDV_20240830T001419_20240830T001444_055435_06C30A_rtc_vh.tif
2025-08-29 20:59:11,505 INFO File already exists, skipping: ./IA_sentinel1/2024-08-25/S1A_IW_GRDH_1SDV_20240830T001419_20240830T001444_055435_06C30A_rtc_vv.tif
2025-08-29 20:59:11,505 INFO File already exists, skipping: ./IA_sentinel1/2024-08-25/S1A_IW_GRDH_1SDV_20240830T001354_20240830T001419_055435_06C30A_rtc_vh.tif
2025-08-29 21:02:37,272 INFO File already exists, skipping: ./IA_sentinel1/2024-08-25/S1A_IW_GRDH_1SDV_20240830T001329_20240830T001354_055435_06C30A_rtc_vh.tif
2025-08-29 21:02:37,272 INFO File already exists, skipping: ./IA_sentinel1/2024-08-25/S1A_IW_GRDH_1SDV_20240830T001329_20240830T001354_055435_06C30A_rtc_vv.tif
2025-08-29 21:02:37,272 INFO File already exists, skipping: ./IA_sentinel1/2024-08-25/S1A_IW_GRDH_1SDV_20240825T000620_20240825T000645_055362_06C06A_rtc_vh.tif
2025-08-29 21:02:37,273 INFO File already exists, skipping: ./IA_sentinel1/2024-08-25/S1A_IW_GRDH_1SDV_20240825T000620_20240825T000645_055362_06C06A_rtc_vv.tif
2025-08-29 21:02:37,273 INFO File already exists, skipping: ./IA_sentinel1/2024-08-25/S1A_IW_GRDH_1SDV_20240825T000555_20240825T000620_055362_06C06A_rtc_vh.tif
2025-08-29 21:02:37,273 INFO File already exists, skipping: ./IA_sentinel1/2024-08-25/S1A_IW_GRDH_1SDV_20240825T000555_20240825T000620_055362_06C06A_rtc_vv.tif
2025-08-29 21:02:37,273 INFO File already exists, skipping: ./IA_sentinel1/2024-08-25/S1A_IW_GRDH_1SDV_20240825T000530_20240825T000555_055362_06C06A_rtc_vh.tif
2025-08-29 21:02:37,273 INFO File already exists, skipping: ./IA_sentinel1/2024-08-25/S1A_IW_GRDH_1SDV_20240825T000530_20240825T000555_055362_06C06A_rtc_vv.tif
2025-08-29 21:02:37,273 INFO File already exists, skipping: ./IA_sentinel1/2024-08-25/S1A_IW_GRDH_1SDV_20240825T000505_20240825T000530_055362_06C06A_rtc_vh.tif
2025-08-29 21:02:37,273 INFO File already exists, skipping: ./IA_sentinel1/2024-08-25/S1A_IW_GRDH_1SDV_20240825T000505_20240825T000530_055362_06C06A_rtc_vv.tif
2025-08-29 21:02:37,273 INFO Downloaded Sentinel-1 images for the date range: 2024-08-25 to 2024-08-31
2025-08-29 21:02:38,156 INFO File already exists, skipping: ./IA_sentinel1/2024-09-01/S1A_IW_GRDH_1SDV_20240906T000620_20240906T000645_055537_06C6F9_rtc_vh.tif
2025-08-29 21:02:38,156 INFO File already exists, skipping: ./IA_sentinel1/2024-09-01/S1A_IW_GRDH_1SDV_20240906T000620_20240906T000645_055537_06C6F9_rtc_vv.tif
2025-08-29 21:02:38,156 INFO File already exists, skipping: ./IA_sentinel1/2024-09-01/S1A_IW_GRDH_1SDV_20240906T000555_20240906T000620_055537_06C6F9_rtc_vh.tif
2025-08-29 21:02:38,156 INFO File already exists, skipping: ./IA_sentinel1/2024-09-01/S1A_IW_GRDH_1SDV_20240906T000555_20240906T000620_055537_06C6F9_rtc_vv.tif
2025-08-29 21:02:38,157 INFO File already exists, skipping: ./IA_sentinel1/2024-09-01/S1A_IW_GRDH_1SDV_20240906T000530_20240906T000555_055537_06C6F9_rtc_vh.tif
2025-08-29 21:02:38,157 INFO File already exists, skipping: ./IA_sentinel1/2024-09-01/S1A_IW_GRDH_1SDV_20240906T000530_20240906T000555_055537_06C6F9_rtc_vv.tif
2025-08-29 21:02:38,157 INFO File already exists, skipping: ./IA_sentinel1/2024-09-01/S1A_IW_GRDH_1SDV_20240906T000505_20240906T000530_055537_06C6F9_rtc_vh.tif
2025-08-29 21:02:38,157 INFO File already exists, skipping: ./IA_sentinel1/2024-09-01/S1A_IW_GRDH_1SDV_20240906T000505_20240906T000530_055537_06C6F9_rtc_vv.tif
2025-08-29 21:02:38,157 INFO File already exists, skipping: ./IA_sentinel1/2024-09-01/S1A_IW_GRDH_1SDV_20240904T002216_20240904T002241_055508_06C5CE_rtc_vh.tif
2025-08-29 21:02:38,157 INFO File already exists, skipping: ./IA_sentinel1/2024-09-01/S1A_IW_GRDH_1SDV_20240904T002216_20240904T002241_055508_06C5CE_rtc_vv.tif
2025-08-29 21:02:38,157 INFO File already exists, skipping: ./IA_sentinel1/2024-09-01/S1A_IW_GRDH_1SDV_20240904T002151_20240904T002216_055508_06C5CE_rtc_vh.tif
2025-08-29 21:02:38,158 INFO File already exists, skipping: ./IA_sentinel1/2024-09-01/S1A_IW_GRDH_1SDV_20240904T002151_20240904T002216_055508_06C5CE_rtc_vv.tif
2025-08-29 21:02:38,158 INFO Downloaded Sentinel-1 images for the date range: 2024-09-01 to 2024-09-07
2025-08-29 21:02:39,047 INFO File already exists, skipping: ./IA_sentinel1/2024-09-08/S1A_IW_GRDH_1SDV_20240912T235812_20240912T235837_055639_06CB00_rtc_vh.tif
2025-08-29 21:02:39,047 INFO File already exists, skipping: ./IA_sentinel1/2024-09-08/S1A_IW_GRDH_1SDV_20240912T235812_20240912T235837_055639_06CB00_rtc_vv.tif
2025-08-29 21:02:39,047 INFO File already exists, skipping: ./IA_sentinel1/2024-09-08/S1A_IW_GRDH_1SDV_20240912T235747_20240912T235812_055639_06CB00_rtc_vh.tif
2025-08-29 21:02:39,048 INFO File already exists, skipping: ./IA_sentinel1/2024-09-08/S1A_IW_GRDH_1SDV_20240912T235747_20240912T235812_055639_06CB00_rtc_vv.tif
2025-08-29 21:02:39,048 INFO File already exists, skipping: ./IA_sentinel1/2024-09-08/S1A_IW_GRDH_1SDV_20240912T235722_20240912T235747_055639_06CB00_rtc_vh.tif
2025-08-29 21:02:39,048 INFO File already exists, skipping: ./IA_sentinel1/2024-09-08/S1A_IW_GRDH_1SDV_20240912T235722_20240912T235747_055639_06CB00_rtc_vv.tif
2025-08-29 21:02:39,048 INFO File already exists, skipping: ./IA_sentinel1/2024-09-08/S1A_IW_GRDH_1SDV_20240912T235657_20240912T235722_055639_06CB00_rtc_vh.tif
2025-08-29 21:02:39,048 INFO File already exists, skipping: ./IA_sentinel1/2024-09-08/S1A_IW_GRDH_1SDV_20240912T235657_20240912T235722_055639_06CB00_rtc_vv.tif
2025-08-29 21:02:39,049 INFO File already exists, skipping: ./IA_sentinel1/2024-09-08/S1A_IW_GRDH_1SDV_20240911T001421_20240911T001446_055610_06C9E1_rtc_vh.tif
2025-08-29 21:02:39,049 INFO File already exists, skipping: ./IA_sentinel1/2024-09-08/S1A_IW_GRDH_1SDV_20240911T001421_20240911T001446_055610_06C9E1_rtc_vv.tif
2025-08-29 21:02:39,049 INFO File already exists, skipping: ./IA_sentinel1/2024-09-08/S1A_IW_GRDH_1SDV_20240911T001356_20240911T001421_055610_06C9E1_rtc_vh.tif
2025-08-29 21:02:39,049 INFO File already exists, skipping: ./IA_sentinel1/2024-09-08/S1A_IW_GRDH_1SDV_20240911T001356_20240911T001421_055610_06C9E1_rtc_vv.tif
2025-08-29 21:02:39,050 INFO File already exists, skipping: ./IA_sentinel1/2024-09-08/S1A_IW_GRDH_1SDV_20240911T001331_20240911T001356_055610_06C9E1_rtc_vh.tif
2025-08-29 21:02:39,050 INFO File already exists, skipping: ./IA_sentinel1/2024-09-08/S1A_IW_GRDH_1SDV_20240911T001331_20240911T001356_055610_06C9E1_rtc_vv.tif
2025-08-29 21:02:39,050 INFO Downloaded Sentinel-1 images for the date range: 2024-09-08 to 2024-09-14
2025-08-29 21:02:39,883 INFO File already exists, skipping: ./IA_sentinel1/2024-09-15/S1A_IW_GRDH_1SDV_20240916T002217_20240916T002242_055683_06CCBF_rtc_vh.tif
2025-08-29 21:10:19,744 INFO Downloaded Sentinel-1 images for the date range: 2024-09-15 to 2024-09-21
2025-08-29 21:49:02,102 INFO Downloaded Sentinel-1 images for the date range: 2024-09-22 to 2024-09-28
2025-08-29 22:27:57,599 INFO Downloaded Sentinel-1 images for the date range: 2024-09-29 to 2024-10-05
2025-08-29 22:27:57,599 INFO Downloaded Sentinel 1 images for the date range: 2024-09-29 to 2024-10-05 in 1:41:04.630821 seconds.
2025-11-24 01:32:37,279 INFO Downloaded Sentinel-1 images for the date range: 2017-05-07 to 2017-05-13
2025-11-25 02:01:57,267 INFO Downloaded Sentinel-1 images for the date range: 2017-05-14 to 2017-05-20
2025-11-25 19:20:45,076 INFO Downloaded Sentinel-1 images for the date range: 2017-05-21 to 2017-05-27
2025-11-26 20:12:22,433 INFO Downloaded Sentinel-1 images for the date range: 2017-05-28 to 2017-06-03
2025-11-27 13:21:15,575 INFO Downloaded Sentinel-1 images for the date range: 2017-06-04 to 2017-06-10
2025-11-28 04:13:21,573 INFO Downloaded Sentinel-1 images for the date range: 2017-06-11 to 2017-06-17
2025-11-28 08:33:13,750 INFO File already exists, skipping: ./IA_sentinel1/2017-05-07/S1B_IW_GRDH_1SDV_20170510T235648_20170510T235717_005543_009B5A_rtc_vh.tif
2025-11-28 12:12:00,609 INFO File already exists, skipping: ./IA_sentinel1/2017-05-07/S1B_IW_GRDH_1SDV_20170509T001256_20170509T001325_005514_009A9A_rtc_vh.tif
2025-11-28 14:49:47,510 INFO File already exists, skipping: ./IA_sentinel1/2017-05-07/S1A_IW_GRDH_1SDV_20170508T002138_20170508T002203_016483_01B503_rtc_vh.tif
2025-11-28 17:56:42,003 INFO File already exists, skipping: ./IA_sentinel1/2017-05-07/S1A_IW_GRDH_1SDV_20170508T002113_20170508T002138_016483_01B503_rtc_vh.tif
2025-11-28 20:16:16,321 INFO Downloaded Sentinel-1 images for the date range: 2017-05-07 to 2017-05-13
2025-11-28 20:16:17,686 INFO File already exists, skipping: ./IA_sentinel1/2017-05-14/S1A_IW_GRDH_1SDV_20170520T002138_20170520T002203_016658_01BA5D_rtc_vh.tif
2025-11-28 20:50:04,706 INFO File already exists, skipping: ./IA_sentinel1/2017-05-07/S1B_IW_GRDH_1SDV_20170510T235648_20170510T235717_005543_009B5A_rtc_vh.tif
2025-11-28 20:50:04,707 INFO File already exists, skipping: ./IA_sentinel1/2017-05-07/S1B_IW_GRDH_1SDV_20170510T235648_20170510T235717_005543_009B5A_rtc_vv.tif
2025-11-28 20:50:04,707 INFO File already exists, skipping: ./IA_sentinel1/2017-05-07/S1B_IW_GRDH_1SDV_20170509T001256_20170509T001325_005514_009A9A_rtc_vh.tif
2025-11-28 20:50:04,707 INFO File already exists, skipping: ./IA_sentinel1/2017-05-07/S1B_IW_GRDH_1SDV_20170509T001256_20170509T001325_005514_009A9A_rtc_vv.tif
2025-11-28 20:50:04,707 INFO File already exists, skipping: ./IA_sentinel1/2017-05-07/S1A_IW_GRDH_1SDV_20170508T002138_20170508T002203_016483_01B503_rtc_vh.tif
2025-11-28 20:50:04,707 INFO File already exists, skipping: ./IA_sentinel1/2017-05-07/S1A_IW_GRDH_1SDV_20170508T002138_20170508T002203_016483_01B503_rtc_vv.tif
2025-11-28 20:50:04,708 INFO File already exists, skipping: ./IA_sentinel1/2017-05-07/S1A_IW_GRDH_1SDV_20170508T002113_20170508T002138_016483_01B503_rtc_vh.tif
2025-11-28 20:50:04,708 INFO File already exists, skipping: ./IA_sentinel1/2017-05-07/S1A_IW_GRDH_1SDV_20170508T002113_20170508T002138_016483_01B503_rtc_vv.tif
2025-11-28 20:50:04,708 INFO Downloaded Sentinel-1 images for the date range: 2017-05-07 to 2017-05-13
2025-11-28 20:50:05,513 INFO File already exists, skipping: ./IA_sentinel1/2017-05-14/S1A_IW_GRDH_1SDV_20170520T002138_20170520T002203_016658_01BA5D_rtc_vh.tif
2025-11-28 20:50:05,513 INFO File already exists, skipping: ./IA_sentinel1/2017-05-14/S1A_IW_GRDH_1SDV_20170520T002138_20170520T002203_016658_01BA5D_rtc_vv.tif
2025-11-28 20:50:05,513 INFO File already exists, skipping: ./IA_sentinel1/2017-05-14/S1A_IW_GRDH_1SDV_20170520T002113_20170520T002138_016658_01BA5D_rtc_vh.tif
2025-11-28 23:10:25,440 INFO File already exists, skipping: ./IA_sentinel1/2017-05-14/S1B_IW_GRDH_1SDV_20170517T234831_20170517T234900_005645_009E30_rtc_vh.tif
2025-11-29 01:46:57,099 INFO File already exists, skipping: ./IA_sentinel1/2017-05-14/S1A_IW_GRDH_1SDV_20170516T235711_20170516T235735_016614_01B90A_rtc_vh.tif
2025-11-29 04:01:09,857 INFO File already exists, skipping: ./IA_sentinel1/2017-05-14/S1A_IW_GRDH_1SDV_20170516T235646_20170516T235711_016614_01B90A_rtc_vh.tif
2025-11-29 06:24:17,341 INFO File already exists, skipping: ./IA_sentinel1/2017-05-14/S1A_IW_GRDH_1SDV_20170516T235621_20170516T235646_016614_01B90A_rtc_vh.tif
2025-11-29 08:46:24,123 INFO File already exists, skipping: ./IA_sentinel1/2017-05-14/S1B_IW_GRDH_1SDV_20170516T000452_20170516T000521_005616_009D5E_rtc_vh.tif
2025-11-29 09:43:56,064 INFO File already exists, skipping: ./IA_sentinel1/2017-05-14/S1A_IW_GRDH_1SDV_20170515T001318_20170515T001343_016585_01B824_rtc_vh.tif
2025-11-29 11:57:45,324 INFO File already exists, skipping: ./IA_sentinel1/2017-05-14/S1A_IW_GRDH_1SDV_20170515T001253_20170515T001318_016585_01B824_rtc_vh.tif
2025-11-29 14:19:08,853 INFO File already exists, skipping: ./IA_sentinel1/2017-05-14/S1B_IW_GRDH_1SDV_20170514T002116_20170514T002145_005587_009C91_rtc_vh.tif
2025-11-29 16:43:49,879 ERROR Failed to download band: vv for the scene: S1B_IW_GRDH_1SDV_20170514T002116_20170514T002145_005587_009C91_rtc. Error: [Errno 122] Disk quota exceeded
2025-11-29 16:43:49,880 INFO Downloaded Sentinel-1 images for the date range: 2017-05-14 to 2017-05-20
2025-11-29 16:43:51,373 INFO File already exists, skipping: ./IA_sentinel1/2017-05-21/S1A_IW_GRDH_1SDV_20170527T001319_20170527T001343_016760_01BD85_rtc_vh.tif
2025-11-29 16:43:52,004 ERROR Failed to download band: vv for the scene: S1A_IW_GRDH_1SDV_20170527T001319_20170527T001343_016760_01BD85_rtc. Error: [Errno 122] Disk quota exceeded: './IA_sentinel1/2017-05-21/S1A_IW_GRDH_1SDV_20170527T001319_20170527T001343_016760_01BD85_rtc_vv.tif'
2025-11-29 16:43:52,006 INFO File already exists, skipping: ./IA_sentinel1/2017-05-21/S1A_IW_GRDH_1SDV_20170527T001254_20170527T001319_016760_01BD85_rtc_vh.tif
2025-11-29 16:43:52,786 ERROR Failed to download band: vv for the scene: S1A_IW_GRDH_1SDV_20170527T001254_20170527T001319_016760_01BD85_rtc. Error: [Errno 122] Disk quota exceeded: './IA_sentinel1/2017-05-21/S1A_IW_GRDH_1SDV_20170527T001254_20170527T001319_016760_01BD85_rtc_vv.tif'
2025-11-29 16:43:52,789 INFO File already exists, skipping: ./IA_sentinel1/2017-05-21/S1B_IW_GRDH_1SDV_20170526T002116_20170526T002145_005762_00A18F_rtc_vh.tif
2025-11-29 16:43:53,358 ERROR Failed to download band: vv for the scene: S1B_IW_GRDH_1SDV_20170526T002116_20170526T002145_005762_00A18F_rtc. Error: [Errno 122] Disk quota exceeded: './IA_sentinel1/2017-05-21/S1B_IW_GRDH_1SDV_20170526T002116_20170526T002145_005762_00A18F_rtc_vv.tif'
2025-11-29 16:43:53,361 INFO File already exists, skipping: ./IA_sentinel1/2017-05-21/S1B_IW_GRDH_1SDV_20170522T235648_20170522T235717_005718_00A04B_rtc_vh.tif
2025-11-29 16:43:54,598 ERROR Failed to download band: vv for the scene: S1B_IW_GRDH_1SDV_20170522T235648_20170522T235717_005718_00A04B_rtc. Error: [Errno 122] Disk quota exceeded: './IA_sentinel1/2017-05-21/S1B_IW_GRDH_1SDV_20170522T235648_20170522T235717_005718_00A04B_rtc_vv.tif'
2025-11-29 16:43:54,601 INFO File already exists, skipping: ./IA_sentinel1/2017-05-21/S1A_IW_GRDH_1SDV_20170522T000517_20170522T000544_016687_01BB42_rtc_vh.tif
2025-11-29 16:43:55,174 ERROR Failed to download band: vv for the scene: S1A_IW_GRDH_1SDV_20170522T000517_20170522T000544_016687_01BB42_rtc. Error: [Errno 122] Disk quota exceeded: './IA_sentinel1/2017-05-21/S1A_IW_GRDH_1SDV_20170522T000517_20170522T000544_016687_01BB42_rtc_vv.tif'
2025-11-29 16:43:55,177 INFO File already exists, skipping: ./IA_sentinel1/2017-05-21/S1A_IW_GRDH_1SDV_20170522T000452_20170522T000517_016687_01BB42_rtc_vh.tif
2025-11-29 16:43:56,102 ERROR Failed to download band: vv for the scene: S1A_IW_GRDH_1SDV_20170522T000452_20170522T000517_016687_01BB42_rtc. Error: [Errno 122] Disk quota exceeded: './IA_sentinel1/2017-05-21/S1A_IW_GRDH_1SDV_20170522T000452_20170522T000517_016687_01BB42_rtc_vv.tif'
2025-11-29 16:43:56,103 INFO File already exists, skipping: ./IA_sentinel1/2017-05-21/S1A_IW_GRDH_1SDV_20170522T000427_20170522T000452_016687_01BB42_rtc_vh.tif
2025-11-29 16:43:56,803 ERROR Failed to download band: vv for the scene: S1A_IW_GRDH_1SDV_20170522T000427_20170522T000452_016687_01BB42_rtc. Error: [Errno 122] Disk quota exceeded: './IA_sentinel1/2017-05-21/S1A_IW_GRDH_1SDV_20170522T000427_20170522T000452_016687_01BB42_rtc_vv.tif'
2025-11-29 16:43:56,805 INFO File already exists, skipping: ./IA_sentinel1/2017-05-21/S1B_IW_GRDH_1SDV_20170521T001256_20170521T001325_005689_009F7B_rtc_vh.tif
2025-11-29 16:43:57,554 ERROR Failed to download band: vv for the scene: S1B_IW_GRDH_1SDV_20170521T001256_20170521T001325_005689_009F7B_rtc. Error: [Errno 122] Disk quota exceeded: './IA_sentinel1/2017-05-21/S1B_IW_GRDH_1SDV_20170521T001256_20170521T001325_005689_009F7B_rtc_vv.tif'
2025-11-29 16:43:57,555 INFO Downloaded Sentinel-1 images for the date range: 2017-05-21 to 2017-05-27
2025-11-29 16:43:58,191 INFO File already exists, skipping: ./IA_sentinel1/2017-05-28/S1B_IW_GRDH_1SDV_20170603T235649_20170603T235718_005893_00A55D_rtc_vh.tif
2025-11-29 16:44:03,217 ERROR Failed to download band: vv for the scene: S1B_IW_GRDH_1SDV_20170603T235649_20170603T235718_005893_00A55D_rtc. Error: [Errno 122] Disk quota exceeded: './IA_sentinel1/2017-05-28/S1B_IW_GRDH_1SDV_20170603T235649_20170603T235718_005893_00A55D_rtc_vv.tif'
2025-11-29 16:44:03,219 INFO File already exists, skipping: ./IA_sentinel1/2017-05-28/S1A_IW_GRDH_1SDV_20170603T000518_20170603T000545_016862_01C0A9_rtc_vh.tif
2025-11-29 17:18:42,177 INFO File already exists, skipping: ./IA_sentinel1/2017-05-07/S1B_IW_GRDH_1SDV_20170510T235648_20170510T235717_005543_009B5A_rtc_vh.tif
2025-11-29 17:18:42,177 INFO File already exists, skipping: ./IA_sentinel1/2017-05-07/S1B_IW_GRDH_1SDV_20170510T235648_20170510T235717_005543_009B5A_rtc_vv.tif
2025-11-29 17:18:42,177 INFO File already exists, skipping: ./IA_sentinel1/2017-05-07/S1B_IW_GRDH_1SDV_20170509T001256_20170509T001325_005514_009A9A_rtc_vh.tif
2025-11-29 17:18:42,177 INFO File already exists, skipping: ./IA_sentinel1/2017-05-07/S1B_IW_GRDH_1SDV_20170509T001256_20170509T001325_005514_009A9A_rtc_vv.tif
2025-11-29 17:18:42,178 INFO File already exists, skipping: ./IA_sentinel1/2017-05-07/S1A_IW_GRDH_1SDV_20170508T002138_20170508T002203_016483_01B503_rtc_vh.tif
2025-11-29 17:18:42,178 INFO File already exists, skipping: ./IA_sentinel1/2017-05-07/S1A_IW_GRDH_1SDV_20170508T002138_20170508T002203_016483_01B503_rtc_vv.tif
2025-11-29 17:18:42,179 INFO File already exists, skipping: ./IA_sentinel1/2017-05-07/S1A_IW_GRDH_1SDV_20170508T002113_20170508T002138_016483_01B503_rtc_vh.tif
2025-11-29 17:18:42,179 INFO File already exists, skipping: ./IA_sentinel1/2017-05-07/S1A_IW_GRDH_1SDV_20170508T002113_20170508T002138_016483_01B503_rtc_vv.tif
2025-11-29 17:18:42,179 INFO Downloaded Sentinel-1 images for the date range: 2017-05-07 to 2017-05-13
2025-11-29 17:18:43,043 INFO File already exists, skipping: ./IA_sentinel1/2017-05-14/S1A_IW_GRDH_1SDV_20170520T002138_20170520T002203_016658_01BA5D_rtc_vh.tif
2025-11-29 17:18:43,044 INFO File already exists, skipping: ./IA_sentinel1/2017-05-14/S1A_IW_GRDH_1SDV_20170520T002138_20170520T002203_016658_01BA5D_rtc_vv.tif
2025-11-29 17:18:43,044 INFO File already exists, skipping: ./IA_sentinel1/2017-05-14/S1A_IW_GRDH_1SDV_20170520T002113_20170520T002138_016658_01BA5D_rtc_vh.tif
2025-11-29 17:18:43,045 INFO File already exists, skipping: ./IA_sentinel1/2017-05-14/S1A_IW_GRDH_1SDV_20170520T002113_20170520T002138_016658_01BA5D_rtc_vv.tif
2025-11-29 17:18:43,045 INFO File already exists, skipping: ./IA_sentinel1/2017-05-14/S1B_IW_GRDH_1SDV_20170517T234831_20170517T234900_005645_009E30_rtc_vh.tif
2025-11-29 17:18:43,045 INFO File already exists, skipping: ./IA_sentinel1/2017-05-14/S1B_IW_GRDH_1SDV_20170517T234831_20170517T234900_005645_009E30_rtc_vv.tif
2025-11-29 17:18:43,046 INFO File already exists, skipping: ./IA_sentinel1/2017-05-14/S1A_IW_GRDH_1SDV_20170516T235711_20170516T235735_016614_01B90A_rtc_vh.tif
2025-11-29 17:18:43,046 INFO File already exists, skipping: ./IA_sentinel1/2017-05-14/S1A_IW_GRDH_1SDV_20170516T235711_20170516T235735_016614_01B90A_rtc_vv.tif
2025-11-29 17:18:43,047 INFO File already exists, skipping: ./IA_sentinel1/2017-05-14/S1A_IW_GRDH_1SDV_20170516T235646_20170516T235711_016614_01B90A_rtc_vh.tif
2025-11-29 17:18:43,048 INFO File already exists, skipping: ./IA_sentinel1/2017-05-14/S1A_IW_GRDH_1SDV_20170516T235646_20170516T235711_016614_01B90A_rtc_vv.tif
2025-11-29 17:18:43,049 INFO File already exists, skipping: ./IA_sentinel1/2017-05-14/S1A_IW_GRDH_1SDV_20170516T235621_20170516T235646_016614_01B90A_rtc_vh.tif
2025-11-29 17:18:43,049 INFO File already exists, skipping: ./IA_sentinel1/2017-05-14/S1A_IW_GRDH_1SDV_20170516T235621_20170516T235646_016614_01B90A_rtc_vv.tif
2025-11-29 17:18:43,050 INFO File already exists, skipping: ./IA_sentinel1/2017-05-14/S1B_IW_GRDH_1SDV_20170516T000452_20170516T000521_005616_009D5E_rtc_vh.tif
2025-11-29 17:18:43,051 INFO File already exists, skipping: ./IA_sentinel1/2017-05-14/S1B_IW_GRDH_1SDV_20170516T000452_20170516T000521_005616_009D5E_rtc_vv.tif
2025-11-29 17:18:43,052 INFO File already exists, skipping: ./IA_sentinel1/2017-05-14/S1A_IW_GRDH_1SDV_20170515T001318_20170515T001343_016585_01B824_rtc_vh.tif
2025-11-29 17:18:43,052 INFO File already exists, skipping: ./IA_sentinel1/2017-05-14/S1A_IW_GRDH_1SDV_20170515T001318_20170515T001343_016585_01B824_rtc_vv.tif
2025-11-29 17:18:43,053 INFO File already exists, skipping: ./IA_sentinel1/2017-05-14/S1A_IW_GRDH_1SDV_20170515T001253_20170515T001318_016585_01B824_rtc_vh.tif
2025-11-29 17:18:43,053 INFO File already exists, skipping: ./IA_sentinel1/2017-05-14/S1A_IW_GRDH_1SDV_20170515T001253_20170515T001318_016585_01B824_rtc_vv.tif
2025-11-29 17:18:43,054 INFO File already exists, skipping: ./IA_sentinel1/2017-05-14/S1B_IW_GRDH_1SDV_20170514T002116_20170514T002145_005587_009C91_rtc_vh.tif
2025-11-29 17:18:43,054 INFO File already exists, skipping: ./IA_sentinel1/2017-05-14/S1B_IW_GRDH_1SDV_20170514T002116_20170514T002145_005587_009C91_rtc_vv.tif
2025-11-29 17:18:43,054 INFO Downloaded Sentinel-1 images for the date range: 2017-05-14 to 2017-05-20
2025-11-29 17:18:43,823 INFO File already exists, skipping: ./IA_sentinel1/2017-05-21/S1A_IW_GRDH_1SDV_20170527T001319_20170527T001343_016760_01BD85_rtc_vh.tif
2025-11-29 19:13:20,979 INFO File already exists, skipping: ./IA_sentinel1/2017-05-28/S1A_IW_GRDH_1SDV_20170603T000453_20170603T000518_016862_01C0A9_rtc_vh.tif
2025-11-29 21:35:20,631 INFO File already exists, skipping: ./IA_sentinel1/2017-05-28/S1A_IW_GRDH_1SDV_20170603T000428_20170603T000453_016862_01C0A9_rtc_vh.tif
2025-11-29 23:56:12,672 INFO File already exists, skipping: ./IA_sentinel1/2017-05-28/S1B_IW_GRDH_1SDV_20170602T001257_20170602T001326_005864_00A486_rtc_vh.tif
2025-11-30 02:32:01,744 INFO File already exists, skipping: ./IA_sentinel1/2017-05-28/S1A_IW_GRDH_1SDV_20170601T002114_20170601T002142_016833_01BFC6_rtc_vh.tif
2025-11-30 04:24:02,664 INFO File already exists, skipping: ./IA_sentinel1/2017-05-28/S1B_IW_GRDH_1SDV_20170529T234831_20170529T234901_005820_00A33D_rtc_vh.tif
2025-11-30 07:04:31,853 INFO File already exists, skipping: ./IA_sentinel1/2017-05-28/S1A_IW_GRDH_1SDV_20170528T235711_20170528T235736_016789_01BE6C_rtc_vh.tif
2025-11-30 09:09:13,651 INFO File already exists, skipping: ./IA_sentinel1/2017-05-07/S1B_IW_GRDH_1SDV_20170510T235648_20170510T235717_005543_009B5A_rtc_vh.tif
2025-11-30 09:09:13,652 INFO File already exists, skipping: ./IA_sentinel1/2017-05-07/S1B_IW_GRDH_1SDV_20170510T235648_20170510T235717_005543_009B5A_rtc_vv.tif
2025-11-30 09:09:13,652 INFO File already exists, skipping: ./IA_sentinel1/2017-05-07/S1B_IW_GRDH_1SDV_20170509T001256_20170509T001325_005514_009A9A_rtc_vh.tif
2025-11-30 09:09:13,652 INFO File already exists, skipping: ./IA_sentinel1/2017-05-07/S1B_IW_GRDH_1SDV_20170509T001256_20170509T001325_005514_009A9A_rtc_vv.tif
2025-11-30 09:09:13,652 INFO File already exists, skipping: ./IA_sentinel1/2017-05-07/S1A_IW_GRDH_1SDV_20170508T002138_20170508T002203_016483_01B503_rtc_vh.tif
2025-11-30 09:09:13,652 INFO File already exists, skipping: ./IA_sentinel1/2017-05-07/S1A_IW_GRDH_1SDV_20170508T002138_20170508T002203_016483_01B503_rtc_vv.tif
2025-11-30 09:09:13,653 INFO File already exists, skipping: ./IA_sentinel1/2017-05-07/S1A_IW_GRDH_1SDV_20170508T002113_20170508T002138_016483_01B503_rtc_vh.tif
2025-11-30 09:09:13,653 INFO File already exists, skipping: ./IA_sentinel1/2017-05-07/S1A_IW_GRDH_1SDV_20170508T002113_20170508T002138_016483_01B503_rtc_vv.tif
2025-11-30 09:09:13,653 INFO Downloaded Sentinel-1 images for the date range: 2017-05-07 to 2017-05-13
2025-11-30 09:09:14,442 INFO File already exists, skipping: ./IA_sentinel1/2017-05-14/S1A_IW_GRDH_1SDV_20170520T002138_20170520T002203_016658_01BA5D_rtc_vh.tif
2025-11-30 09:09:14,442 INFO File already exists, skipping: ./IA_sentinel1/2017-05-14/S1A_IW_GRDH_1SDV_20170520T002138_20170520T002203_016658_01BA5D_rtc_vv.tif
2025-11-30 09:09:14,443 INFO File already exists, skipping: ./IA_sentinel1/2017-05-14/S1A_IW_GRDH_1SDV_20170520T002113_20170520T002138_016658_01BA5D_rtc_vh.tif
2025-11-30 09:09:14,443 INFO File already exists, skipping: ./IA_sentinel1/2017-05-14/S1A_IW_GRDH_1SDV_20170520T002113_20170520T002138_016658_01BA5D_rtc_vv.tif
2025-11-30 09:09:14,443 INFO File already exists, skipping: ./IA_sentinel1/2017-05-14/S1B_IW_GRDH_1SDV_20170517T234831_20170517T234900_005645_009E30_rtc_vh.tif
2025-11-30 09:09:14,443 INFO File already exists, skipping: ./IA_sentinel1/2017-05-14/S1B_IW_GRDH_1SDV_20170517T234831_20170517T234900_005645_009E30_rtc_vv.tif
2025-11-30 09:09:14,443 INFO File already exists, skipping: ./IA_sentinel1/2017-05-14/S1A_IW_GRDH_1SDV_20170516T235711_20170516T235735_016614_01B90A_rtc_vh.tif
2025-11-30 09:09:14,444 INFO File already exists, skipping: ./IA_sentinel1/2017-05-14/S1A_IW_GRDH_1SDV_20170516T235711_20170516T235735_016614_01B90A_rtc_vv.tif
2025-11-30 09:09:14,444 INFO File already exists, skipping: ./IA_sentinel1/2017-05-14/S1A_IW_GRDH_1SDV_20170516T235646_20170516T235711_016614_01B90A_rtc_vh.tif
2025-11-30 09:09:14,444 INFO File already exists, skipping: ./IA_sentinel1/2017-05-14/S1A_IW_GRDH_1SDV_20170516T235646_20170516T235711_016614_01B90A_rtc_vv.tif
2025-11-30 09:09:14,444 INFO File already exists, skipping: ./IA_sentinel1/2017-05-14/S1A_IW_GRDH_1SDV_20170516T235621_20170516T235646_016614_01B90A_rtc_vh.tif
2025-11-30 09:09:14,444 INFO File already exists, skipping: ./IA_sentinel1/2017-05-14/S1A_IW_GRDH_1SDV_20170516T235621_20170516T235646_016614_01B90A_rtc_vv.tif
2025-11-30 09:09:14,445 INFO File already exists, skipping: ./IA_sentinel1/2017-05-14/S1B_IW_GRDH_1SDV_20170516T000452_20170516T000521_005616_009D5E_rtc_vh.tif
2025-11-30 09:09:14,445 INFO File already exists, skipping: ./IA_sentinel1/2017-05-14/S1B_IW_GRDH_1SDV_20170516T000452_20170516T000521_005616_009D5E_rtc_vv.tif
2025-11-30 09:09:14,445 INFO File already exists, skipping: ./IA_sentinel1/2017-05-14/S1A_IW_GRDH_1SDV_20170515T001318_20170515T001343_016585_01B824_rtc_vh.tif
2025-11-30 09:09:14,445 INFO File already exists, skipping: ./IA_sentinel1/2017-05-14/S1A_IW_GRDH_1SDV_20170515T001318_20170515T001343_016585_01B824_rtc_vv.tif
2025-11-30 09:09:14,446 INFO File already exists, skipping: ./IA_sentinel1/2017-05-14/S1A_IW_GRDH_1SDV_20170515T001253_20170515T001318_016585_01B824_rtc_vh.tif
2025-11-30 09:09:14,446 INFO File already exists, skipping: ./IA_sentinel1/2017-05-14/S1A_IW_GRDH_1SDV_20170515T001253_20170515T001318_016585_01B824_rtc_vv.tif
2025-11-30 09:09:14,446 INFO File already exists, skipping: ./IA_sentinel1/2017-05-14/S1B_IW_GRDH_1SDV_20170514T002116_20170514T002145_005587_009C91_rtc_vh.tif
2025-11-30 09:09:14,446 INFO File already exists, skipping: ./IA_sentinel1/2017-05-14/S1B_IW_GRDH_1SDV_20170514T002116_20170514T002145_005587_009C91_rtc_vv.tif
2025-11-30 09:09:14,446 INFO Downloaded Sentinel-1 images for the date range: 2017-05-14 to 2017-05-20
2025-11-30 09:09:15,220 INFO File already exists, skipping: ./IA_sentinel1/2017-05-21/S1A_IW_GRDH_1SDV_20170527T001319_20170527T001343_016760_01BD85_rtc_vh.tif
2025-11-30 09:09:15,220 INFO File already exists, skipping: ./IA_sentinel1/2017-05-21/S1A_IW_GRDH_1SDV_20170527T001319_20170527T001343_016760_01BD85_rtc_vv.tif
2025-11-30 09:09:15,221 INFO File already exists, skipping: ./IA_sentinel1/2017-05-21/S1A_IW_GRDH_1SDV_20170527T001254_20170527T001319_016760_01BD85_rtc_vh.tif
2025-11-30 11:30:32,279 INFO File already exists, skipping: ./IA_sentinel1/2017-05-21/S1B_IW_GRDH_1SDV_20170526T002116_20170526T002145_005762_00A18F_rtc_vh.tif
2025-11-30 14:07:02,785 INFO File already exists, skipping: ./IA_sentinel1/2017-05-21/S1B_IW_GRDH_1SDV_20170522T235648_20170522T235717_005718_00A04B_rtc_vh.tif
2025-11-30 15:04:54,359 INFO File already exists, skipping: ./IA_sentinel1/2017-05-21/S1A_IW_GRDH_1SDV_20170522T000517_20170522T000544_016687_01BB42_rtc_vh.tif
2025-11-30 17:30:43,883 INFO File already exists, skipping: ./IA_sentinel1/2017-05-21/S1A_IW_GRDH_1SDV_20170522T000452_20170522T000517_016687_01BB42_rtc_vh.tif
2025-11-30 19:52:59,018 INFO File already exists, skipping: ./IA_sentinel1/2017-05-21/S1A_IW_GRDH_1SDV_20170522T000427_20170522T000452_016687_01BB42_rtc_vh.tif
2025-11-30 22:12:36,854 INFO File already exists, skipping: ./IA_sentinel1/2017-05-21/S1B_IW_GRDH_1SDV_20170521T001256_20170521T001325_005689_009F7B_rtc_vh.tif
2025-11-30 23:51:53,258 INFO Downloaded Sentinel-1 images for the date range: 2017-05-21 to 2017-05-27
2025-11-30 23:51:54,745 INFO File already exists, skipping: ./IA_sentinel1/2017-05-28/S1B_IW_GRDH_1SDV_20170603T235649_20170603T235718_005893_00A55D_rtc_vh.tif
2025-12-01 02:30:08,473 INFO File already exists, skipping: ./IA_sentinel1/2017-05-28/S1A_IW_GRDH_1SDV_20170603T000518_20170603T000545_016862_01C0A9_rtc_vh.tif
2025-12-01 02:30:08,474 INFO File already exists, skipping: ./IA_sentinel1/2017-05-28/S1A_IW_GRDH_1SDV_20170603T000518_20170603T000545_016862_01C0A9_rtc_vv.tif
2025-12-01 02:30:08,474 INFO File already exists, skipping: ./IA_sentinel1/2017-05-28/S1A_IW_GRDH_1SDV_20170603T000453_20170603T000518_016862_01C0A9_rtc_vh.tif
2025-12-01 02:30:08,474 INFO File already exists, skipping: ./IA_sentinel1/2017-05-28/S1A_IW_GRDH_1SDV_20170603T000453_20170603T000518_016862_01C0A9_rtc_vv.tif
2025-12-01 02:30:08,475 INFO File already exists, skipping: ./IA_sentinel1/2017-05-28/S1A_IW_GRDH_1SDV_20170603T000428_20170603T000453_016862_01C0A9_rtc_vh.tif
2025-12-01 02:30:08,475 INFO File already exists, skipping: ./IA_sentinel1/2017-05-28/S1A_IW_GRDH_1SDV_20170603T000428_20170603T000453_016862_01C0A9_rtc_vv.tif
2025-12-01 02:30:08,475 INFO File already exists, skipping: ./IA_sentinel1/2017-05-28/S1B_IW_GRDH_1SDV_20170602T001257_20170602T001326_005864_00A486_rtc_vh.tif
2025-12-01 02:30:08,475 INFO File already exists, skipping: ./IA_sentinel1/2017-05-28/S1B_IW_GRDH_1SDV_20170602T001257_20170602T001326_005864_00A486_rtc_vv.tif
2025-12-01 02:30:08,475 INFO File already exists, skipping: ./IA_sentinel1/2017-05-28/S1A_IW_GRDH_1SDV_20170601T002114_20170601T002142_016833_01BFC6_rtc_vh.tif
2025-12-01 02:30:08,475 INFO File already exists, skipping: ./IA_sentinel1/2017-05-28/S1A_IW_GRDH_1SDV_20170601T002114_20170601T002142_016833_01BFC6_rtc_vv.tif
2025-12-01 02:30:08,476 INFO File already exists, skipping: ./IA_sentinel1/2017-05-28/S1B_IW_GRDH_1SDV_20170529T234831_20170529T234901_005820_00A33D_rtc_vh.tif
2025-12-01 02:30:08,476 INFO File already exists, skipping: ./IA_sentinel1/2017-05-28/S1B_IW_GRDH_1SDV_20170529T234831_20170529T234901_005820_00A33D_rtc_vv.tif
2025-12-01 02:30:08,476 INFO File already exists, skipping: ./IA_sentinel1/2017-05-28/S1A_IW_GRDH_1SDV_20170528T235711_20170528T235736_016789_01BE6C_rtc_vh.tif
2025-12-01 02:30:08,476 INFO File already exists, skipping: ./IA_sentinel1/2017-05-28/S1A_IW_GRDH_1SDV_20170528T235711_20170528T235736_016789_01BE6C_rtc_vv.tif
2025-12-01 02:30:08,477 INFO File already exists, skipping: ./IA_sentinel1/2017-05-28/S1A_IW_GRDH_1SDV_20170528T235646_20170528T235711_016789_01BE6C_rtc_vh.tif
2025-12-01 04:51:23,070 INFO File already exists, skipping: ./IA_sentinel1/2017-05-28/S1A_IW_GRDH_1SDV_20170528T235621_20170528T235646_016789_01BE6C_rtc_vh.tif
2025-12-01 07:15:50,662 INFO File already exists, skipping: ./IA_sentinel1/2017-05-28/S1B_IW_GRDH_1SDV_20170528T000452_20170528T000521_005791_00A26C_rtc_vh.tif
2025-12-01 09:51:40,894 INFO Downloaded Sentinel-1 images for the date range: 2017-05-28 to 2017-06-03
2025-12-01 09:51:42,598 INFO File already exists, skipping: ./IA_sentinel1/2017-06-04/S1B_IW_GRDH_1SDV_20170610T234832_20170610T234902_005995_00A858_rtc_vh.tif
2025-12-01 11:00:53,188 INFO File already exists, skipping: ./IA_sentinel1/2017-06-04/S1A_IW_GRDH_1SDV_20170609T235712_20170609T235737_016964_01C3D8_rtc_vh.tif
2025-12-01 13:13:05,016 INFO File already exists, skipping: ./IA_sentinel1/2017-06-04/S1A_IW_GRDH_1SDV_20170609T235647_20170609T235712_016964_01C3D8_rtc_vh.tif
2025-12-01 15:33:42,535 INFO File already exists, skipping: ./IA_sentinel1/2017-06-04/S1A_IW_GRDH_1SDV_20170609T235622_20170609T235647_016964_01C3D8_rtc_vh.tif
2025-12-01 17:52:36,839 INFO File already exists, skipping: ./IA_sentinel1/2017-06-04/S1B_IW_GRDH_1SDV_20170609T000453_20170609T000522_005966_00A77F_rtc_vh.tif
2025-12-01 21:21:51,914 INFO File already exists, skipping: ./IA_sentinel1/2017-06-04/S1A_IW_GRDH_1SDV_20170608T001320_20170608T001344_016935_01C2F5_rtc_vh.tif
2025-12-01 23:35:43,934 INFO File already exists, skipping: ./IA_sentinel1/2017-06-04/S1A_IW_GRDH_1SDV_20170608T001255_20170608T001320_016935_01C2F5_rtc_vh.tif
2025-12-02 01:57:37,592 INFO File already exists, skipping: ./IA_sentinel1/2017-06-04/S1B_IW_GRDH_1SDV_20170607T002117_20170607T002146_005937_00A6A8_rtc_vh.tif
2025-12-02 04:13:15,292 INFO Downloaded Sentinel-1 images for the date range: 2017-06-04 to 2017-06-10
2025-12-02 04:13:16,710 INFO File already exists, skipping: ./IA_sentinel1/2017-06-11/S1B_IW_GRDH_1SDV_20170615T235650_20170615T235719_006068_00AA85_rtc_vh.tif
2025-12-02 06:51:03,372 INFO File already exists, skipping: ./IA_sentinel1/2017-06-11/S1A_IW_GRDH_1SDV_20170615T000518_20170615T000546_017037_01C614_rtc_vh.tif
2025-12-02 09:22:18,964 INFO File already exists, skipping: ./IA_sentinel1/2017-06-11/S1A_IW_GRDH_1SDV_20170615T000453_20170615T000518_017037_01C614_rtc_vh.tif
2025-12-02 12:00:07,075 INFO File already exists, skipping: ./IA_sentinel1/2017-06-11/S1A_IW_GRDH_1SDV_20170615T000428_20170615T000453_017037_01C614_rtc_vh.tif
2025-12-02 14:23:04,324 INFO File already exists, skipping: ./IA_sentinel1/2017-06-11/S1B_IW_GRDH_1SDV_20170614T001258_20170614T001327_006039_00A9A9_rtc_vh.tif
2025-12-02 15:22:51,588 INFO File already exists, skipping: ./IA_sentinel1/2017-06-11/S1A_IW_GRDH_1SDV_20170613T002140_20170613T002205_017008_01C531_rtc_vh.tif
2025-12-02 17:37:04,465 INFO File already exists, skipping: ./IA_sentinel1/2017-06-11/S1A_IW_GRDH_1SDV_20170613T002115_20170613T002140_017008_01C531_rtc_vh.tif
2025-12-02 17:46:50,831 INFO Downloaded Sentinel-1 images for the date range: 2017-06-11 to 2017-06-17
2025-12-02 17:46:51,764 INFO File already exists, skipping: ./IA_sentinel1/2017-06-18/S1A_IW_GRDH_1SDV_20170621T235721_20170621T235737_017139_01C936_rtc_vh.tif
2025-12-02 19:10:16,130 INFO File already exists, skipping: ./IA_sentinel1/2017-06-18/S1A_IW_GRDH_1SDV_20170621T235656_20170621T235721_017139_01C936_rtc_vh.tif
2025-12-02 19:10:16,131 INFO File already exists, skipping: ./IA_sentinel1/2017-06-18/S1A_IW_GRDH_1SDV_20170621T235656_20170621T235721_017139_01C936_rtc_vv.tif
2025-12-03 04:39:31,567 INFO Downloaded Sentinel-1 images for the date range: 2017-06-18 to 2017-06-24
2025-12-03 21:02:49,762 INFO Downloaded Sentinel-1 images for the date range: 2017-06-25 to 2017-07-01
2025-12-04 07:16:34,043 INFO Downloaded Sentinel-1 images for the date range: 2017-07-02 to 2017-07-08
2025-12-05 02:39:09,777 INFO Downloaded Sentinel-1 images for the date range: 2017-07-09 to 2017-07-15
2025-12-05 17:37:32,005 INFO Downloaded Sentinel-1 images for the date range: 2017-07-16 to 2017-07-22
2025-12-06 00:41:51,676 INFO Downloaded Sentinel-1 images for the date range: 2017-07-23 to 2017-07-29
2025-12-06 14:54:41,512 INFO Downloaded Sentinel-1 images for the date range: 2017-07-30 to 2017-08-05
